// Jest Snapshot v1, https://goo.gl/fbAQLP

exports[`Pruebas en <GifGridItem /> debe de mostrar <GifGridItem /> correctamente 1`] = `
<div
  className="card animate__animated animate__fadeIn"
>
  <p>
    Un titulo
  </p>
  <img
    alt="Un titulo"
    src="http://prueba.com/algo.jpg"
  />
</div>
`;
