// Jest Snapshot v1, https://goo.gl/fbAQLP

exports[`Pruebas en el <GifGrid /> debe de mostrarse correctamente 1`] = `
<Fragment>
  <div
    className="center-loader"
  >
    <div
      class="loadingio-spinner-ripple-yj09y31vqe"
    >
      <div
        class="ldio-9zi3wtv0tk"
      >
        <div />
        <div />
      </div>
    </div>
  </div>
</Fragment>
`;
